// Jest Snapshot v1, https://jestjs.io/docs/snapshot-testing

exports[`EventLog renders empty state 1`] = `
<div>
  <div
    style="border: 1px solid var(--border); padding: 12px; background: var(--surface); display: flex; flex-direction: column; height: 100%;"
  >
    <div
      style="font-family: var(--font-share-tech-mono), monospace; color: var(--amber); font-size: 0.9rem; margin-bottom: 8px; border-bottom: 1px solid var(--border); padding-bottom: 6px;"
    >
      EREIGNISPROTOKOLL — 
      0
       EINTRÄGE
    </div>
    <div
      style="flex: 1 1 0%; overflow-y: auto; font-family: var(--font-share-tech-mono), monospace; font-size: 0.8rem; line-height: 1.5;"
    >
      <div
        style="color: rgb(68, 68, 68);"
      >
        Keine Ereignisse.
      </div>
    </div>
  </div>
</div>
`;

exports[`EventLog renders events in correct order (newest first) 1`] = `
<div>
  <div
    style="border: 1px solid var(--border); padding: 12px; background: var(--surface); display: flex; flex-direction: column; height: 100%;"
  >
    <div
      style="font-family: var(--font-share-tech-mono), monospace; color: var(--amber); font-size: 0.9rem; margin-bottom: 8px; border-bottom: 1px solid var(--border); padding-bottom: 6px;"
    >
      EREIGNISPROTOKOLL — 
      4
       EINTRÄGE
    </div>
    <div
      style="flex: 1 1 0%; overflow-y: auto; font-family: var(--font-share-tech-mono), monospace; font-size: 0.8rem; line-height: 1.5;"
    >
      <div
        class="event-row event-row-in animate-pulse-alarm"
        style="color: var(--alarm-red); font-weight: bold; padding: 3px 4px; border-left: 2px solid currentcolor; margin-bottom: 2px;"
      >
        <span
          style="opacity: 0.7;"
        >
          [
          01:24:00
          ]
        </span>
         
        <span
          style="opacity: 0.7;"
        >
          ALRM
        </span>
         
        KERNSCHMELZE — REAKTOR 4 EXPLODIERT
      </div>
      <div
        class="event-row event-row-in"
        style="color: var(--alarm-red); padding: 3px 4px; border-left: 2px solid transparent; margin-bottom: 2px;"
      >
        <span
          style="opacity: 0.7;"
        >
          [
          01:23:30
          ]
        </span>
         
        <span
          style="opacity: 0.7;"
        >
          KRIT
        </span>
         
        BRENNSTOFFTEMPERATUR KRITISCH
      </div>
      <div
        class="event-row event-row-in"
        style="color: var(--warning-yellow); padding: 3px 4px; border-left: 2px solid transparent; margin-bottom: 2px;"
      >
        <span
          style="opacity: 0.7;"
        >
          [
          01:23:00
          ]
        </span>
         
        <span
          style="opacity: 0.7;"
        >
          WARN
        </span>
         
        XENON-VERGIFTUNG ERHÖHT
      </div>
      <div
        class="event-row event-row-in"
        style="color: rgb(136, 136, 136); padding: 3px 4px; border-left: 2px solid transparent; margin-bottom: 2px;"
      >
        <span
          style="opacity: 0.7;"
        >
          [
          01:22:40
          ]
        </span>
         
        <span
          style="opacity: 0.7;"
        >
          INFO
        </span>
         
        REAKTOR GESTARTET
      </div>
    </div>
  </div>
</div>
`;
